Check again
Check again
Check again
Check again
Fail
