Check again
Check again
Check again
Check again
LOGIN
